[{"version":"f69ba99c","originalPath":"folder/subfolder/img3.png","versionedPath":"folder/subfolder/img3.f69ba99c.png"},{"version":"0aab5fd0","originalPath":"img1.png","versionedPath":"img1.0aab5fd0.png"},{"version":"ec1bd0de","originalPath":"img2.jpg","versionedPath":"img2.ec1bd0de.jpg"},{"version":"05953adc","originalPath":"folder/img2.gif","versionedPath":"folder/img2.05953adc.gif"}]