[{"version":"f69ba99c","originalPath":"tmp/options_output/folder/subfolder/img3.png","versionedPath":"tmp/options_output/folder/subfolder/img3.f69ba99c.png"},{"version":"0aab5fd0","originalPath":"tmp/options_output/img1.png","versionedPath":"tmp/options_output/img1.0aab5fd0.png"},{"version":"ec1bd0de","originalPath":"tmp/options_output/img2.jpg","versionedPath":"tmp/options_output/img2.ec1bd0de.jpg"},{"version":"05953adc","originalPath":"tmp/options_output/folder/img2.gif","versionedPath":"tmp/options_output/folder/img2.05953adc.gif"}]